../LWIP/Target/ethernetif.c:192:6:invalidate_dcache_range	40	static,ignoring_inline_asm
../LWIP/Target/ethernetif.c:206:13:clean_dcache_range	40	static,ignoring_inline_asm
../LWIP/Target/ethernetif.c:220:17:pbuf_copy_head	40	static
../LWIP/Target/ethernetif.c:239:13:log_rx_pbuf	88	static
../LWIP/Target/ethernetif.c:297:6:HAL_ETH_RxCpltCallback	16	static
../LWIP/Target/ethernetif.c:309:6:HAL_ETH_TxCpltCallback	16	static
../LWIP/Target/ethernetif.c:320:6:HAL_ETH_ErrorCallback	16	static
../LWIP/Target/ethernetif.c:343:13:low_level_init	232	static,ignoring_inline_asm
../LWIP/Target/ethernetif.c:494:14:low_level_output	80	static
../LWIP/Target/ethernetif.c:580:22:low_level_input	24	static
../LWIP/Target/ethernetif.c:608:6:ethernetif_input	24	static
../LWIP/Target/ethernetif.c:667:7:ethernetif_init	16	static
../LWIP/Target/ethernetif.c:718:6:pbuf_free_custom	24	static
../LWIP/Target/ethernetif.c:741:7:sys_now	8	static
../LWIP/Target/ethernetif.c:754:6:HAL_ETH_MspInit	64	static
../LWIP/Target/ethernetif.c:811:6:HAL_ETH_MspDeInit	16	static
../LWIP/Target/ethernetif.c:857:9:ETH_PHY_IO_Init	8	static
../LWIP/Target/ethernetif.c:874:9:ETH_PHY_IO_DeInit	4	static
../LWIP/Target/ethernetif.c:886:9:ETH_PHY_IO_ReadReg	24	static
../LWIP/Target/ethernetif.c:903:9:ETH_PHY_IO_WriteReg	24	static
../LWIP/Target/ethernetif.c:917:9:ETH_PHY_IO_GetTick	8	static
../LWIP/Target/ethernetif.c:926:6:ethernet_link_thread	136	static
../LWIP/Target/ethernetif.c:988:6:HAL_ETH_RxAllocateCallback	32	static
../LWIP/Target/ethernetif.c:1015:6:HAL_ETH_RxLinkCallback	40	static
../LWIP/Target/ethernetif.c:1045:6:HAL_ETH_TxFreeCallback	16	static
