../LWIP/Target/ethernetif.c:197:6:invalidate_dcache_range	40	static,ignoring_inline_asm
../LWIP/Target/ethernetif.c:211:13:clean_dcache_range	40	static,ignoring_inline_asm
../LWIP/Target/ethernetif.c:225:17:pbuf_copy_head	40	static
../LWIP/Target/ethernetif.c:244:13:log_rx_pbuf	176	static
../LWIP/Target/ethernetif.c:331:13:TryManualArpReply	216	static
../LWIP/Target/ethernetif.c:458:13:netif_link_up_in_tcpip	24	static
../LWIP/Target/ethernetif.c:476:13:netif_link_down_in_tcpip	24	static
../LWIP/Target/ethernetif.c:500:6:HAL_ETH_RxCpltCallback	16	static
../LWIP/Target/ethernetif.c:512:6:HAL_ETH_TxCpltCallback	16	static
../LWIP/Target/ethernetif.c:524:6:HAL_ETH_ErrorCallback	24	static
../LWIP/Target/ethernetif.c:552:13:low_level_init	224	static,ignoring_inline_asm
../LWIP/Target/ethernetif.c:695:14:low_level_output	112	static
../LWIP/Target/ethernetif.c:830:22:low_level_input	24	static
../LWIP/Target/ethernetif.c:858:6:ethernetif_input	32	static
../LWIP/Target/ethernetif.c:922:7:ethernetif_init	16	static
../LWIP/Target/ethernetif.c:973:6:pbuf_free_custom	24	static
../LWIP/Target/ethernetif.c:996:7:sys_now	8	static
../LWIP/Target/ethernetif.c:1009:6:HAL_ETH_MspInit	64	static
../LWIP/Target/ethernetif.c:1066:6:HAL_ETH_MspDeInit	16	static
../LWIP/Target/ethernetif.c:1112:9:ETH_PHY_IO_Init	8	static
../LWIP/Target/ethernetif.c:1129:9:ETH_PHY_IO_DeInit	4	static
../LWIP/Target/ethernetif.c:1141:9:ETH_PHY_IO_ReadReg	24	static
../LWIP/Target/ethernetif.c:1158:9:ETH_PHY_IO_WriteReg	24	static
../LWIP/Target/ethernetif.c:1172:9:ETH_PHY_IO_GetTick	8	static
../LWIP/Target/ethernetif.c:1181:6:ethernet_link_thread	136	static
../LWIP/Target/ethernetif.c:1241:6:HAL_ETH_RxAllocateCallback	32	static
../LWIP/Target/ethernetif.c:1275:6:HAL_ETH_RxLinkCallback	40	static
../LWIP/Target/ethernetif.c:1305:6:HAL_ETH_TxFreeCallback	16	static
