../Core/Src/can_task.c:43:12:CanTask_BuildTxHeader	16	static
../Core/Src/can_task.c:102:12:CanTask_GetBitTiming	16	static
../Core/Src/can_task.c:154:12:CanTask_ApplyBitrate	40	static
../Core/Src/can_task.c:180:5:CanTask_Open	72	static
../Core/Src/can_task.c:371:5:CanTask_Close	8	static
../Core/Src/can_task.c:391:13:CanTask	96	static
../Core/Src/can_task.c:463:6:CanTask_Start	48	static
../Core/Src/can_task.c:483:12:CanTask_FdcanRxToCanFrame	24	static
../Core/Src/can_task.c:530:6:HAL_FDCAN_RxFifo0Callback	96	static
../Core/Src/can_task.c:594:13:CanTask_PrintTxState	40	static
