../Core/Src/can_task.c:40:12:CanTask_BuildTxHeader	16	static
../Core/Src/can_task.c:98:12:CanTask_GetBitTiming	16	static
../Core/Src/can_task.c:177:12:CanTask_ApplyBitrate	40	static
../Core/Src/can_task.c:203:5:CanTask_Open	56	static
../Core/Src/can_task.c:309:5:CanTask_Close	8	static
../Core/Src/can_task.c:329:13:CanTask	80	static
../Core/Src/can_task.c:387:6:CanTask_Start	48	static
../Core/Src/can_task.c:407:12:CanTask_FdcanRxToCanFrame	24	static
../Core/Src/can_task.c:454:6:HAL_FDCAN_RxFifo0Callback	80	static
