../Core/Src/raw_tcp_server.c:61:13:Bench_PrintProgress	56	static
../Core/Src/raw_tcp_server.c:90:13:Bench_Reset	4	static
../Core/Src/raw_tcp_server.c:300:17:RawTcp_TxUsed	4	static
../Core/Src/raw_tcp_server.c:306:17:RawTcp_TxFree	8	static
../Core/Src/raw_tcp_server.c:311:13:RawTcp_TxReset	4	static
../Core/Src/raw_tcp_server.c:318:12:RawTcp_TxPush	24	static
../Core/Src/raw_tcp_server.c:346:17:RawTcp_TxContiguousLen	4	static
../Core/Src/raw_tcp_server.c:353:13:RawTcp_TxConsume	16	static
../Core/Src/raw_tcp_server.c:358:13:RawTcp_TryFlush	24	static
../Core/Src/raw_tcp_server.c:403:13:raw_tcp_flush_cb	16	static
../Core/Src/raw_tcp_server.c:410:13:RawTcp_ScheduleFlush	16	static
../Core/Src/raw_tcp_server.c:426:14:tcp_server_sent	24	static
../Core/Src/raw_tcp_server.c:441:13:tcp_server_error	16	static
../Core/Src/raw_tcp_server.c:470:14:tcp_server_recv	64	static
../Core/Src/raw_tcp_server.c:592:14:tcp_server_accept	40	static
../Core/Src/raw_tcp_server.c:646:5:RawTcpServer_HasClient	4	static
../Core/Src/raw_tcp_server.c:651:5:RawTcpServer_Send	16	static
../Core/Src/raw_tcp_server.c:660:5:RawTcpServer_SendAsync	16	static
../Core/Src/raw_tcp_server.c:671:6:RawTcpServer_Init	16	static
