../Core/Src/raw_tcp_server.c:58:13:Bench_PrintProgress	64	static
../Core/Src/raw_tcp_server.c:87:13:Bench_Reset	4	static
../Core/Src/raw_tcp_server.c:208:17:RawTcp_TxUsed	4	static
../Core/Src/raw_tcp_server.c:214:17:RawTcp_TxFree	8	static
../Core/Src/raw_tcp_server.c:219:13:RawTcp_TxReset	4	static
../Core/Src/raw_tcp_server.c:226:12:RawTcp_TxPush	24	static
../Core/Src/raw_tcp_server.c:254:17:RawTcp_TxContiguousLen	4	static
../Core/Src/raw_tcp_server.c:261:13:RawTcp_TxConsume	16	static
../Core/Src/raw_tcp_server.c:266:13:RawTcp_TryFlush	24	static
../Core/Src/raw_tcp_server.c:317:13:raw_tcp_flush_cb	16	static
../Core/Src/raw_tcp_server.c:324:13:RawTcp_ScheduleFlush	16	static
../Core/Src/raw_tcp_server.c:340:14:tcp_server_sent	24	static
../Core/Src/raw_tcp_server.c:355:13:tcp_server_error	16	static
../Core/Src/raw_tcp_server.c:363:14:tcp_server_recv	64	static
../Core/Src/raw_tcp_server.c:484:14:tcp_server_accept	40	static
../Core/Src/raw_tcp_server.c:538:5:RawTcpServer_HasClient	4	static
../Core/Src/raw_tcp_server.c:543:5:RawTcpServer_Send	16	static
../Core/Src/raw_tcp_server.c:552:5:RawTcpServer_SendAsync	16	static
../Core/Src/raw_tcp_server.c:563:6:RawTcpServer_Init	16	static
