../Core/Src/raw_tcp_server.c:57:17:RawTcp_TxUsed	24	static
../Core/Src/raw_tcp_server.c:64:17:RawTcp_TxFree	16	static
../Core/Src/raw_tcp_server.c:69:13:RawTcp_TxReset	24	static
../Core/Src/raw_tcp_server.c:77:12:RawTcp_TxPush	32	static
../Core/Src/raw_tcp_server.c:107:17:RawTcp_TxContiguousLen	24	static
../Core/Src/raw_tcp_server.c:115:13:RawTcp_TxConsume	24	static
../Core/Src/raw_tcp_server.c:121:13:RawTcp_TryFlush	32	static
../Core/Src/raw_tcp_server.c:165:13:raw_tcp_flush_cb	24	static
../Core/Src/raw_tcp_server.c:173:13:RawTcp_ScheduleFlush	24	static
../Core/Src/raw_tcp_server.c:191:13:RawTcp_HandleClientGone	16	static
../Core/Src/raw_tcp_server.c:202:14:tcp_server_sent	40	static
../Core/Src/raw_tcp_server.c:216:13:tcp_server_error	32	static
../Core/Src/raw_tcp_server.c:232:14:tcp_server_recv	40	static
../Core/Src/raw_tcp_server.c:279:14:tcp_server_accept	72	static
../Core/Src/raw_tcp_server.c:339:5:RawTcpServer_HasClient	16	static
../Core/Src/raw_tcp_server.c:345:5:RawTcpServer_Send	24	static
../Core/Src/raw_tcp_server.c:355:5:RawTcpServer_SendAsync	24	static
../Core/Src/raw_tcp_server.c:365:6:RawTcpServer_CheckIdleTimeout	16	static
../Core/Src/raw_tcp_server.c:385:6:RawTcpServer_Init	24	static
