../Core/Src/raw_tcp_server.c:75:13:Bench_PrintProgress	56	static
../Core/Src/raw_tcp_server.c:104:13:Bench_Reset	4	static
../Core/Src/raw_tcp_server.c:314:17:RawTcp_TxUsed	4	static
../Core/Src/raw_tcp_server.c:320:17:RawTcp_TxFree	8	static
../Core/Src/raw_tcp_server.c:325:13:RawTcp_TxReset	4	static
../Core/Src/raw_tcp_server.c:332:12:RawTcp_TxPush	24	static
../Core/Src/raw_tcp_server.c:360:17:RawTcp_TxContiguousLen	4	static
../Core/Src/raw_tcp_server.c:367:13:RawTcp_TxConsume	16	static
../Core/Src/raw_tcp_server.c:372:13:RawTcp_TryFlush	24	static
../Core/Src/raw_tcp_server.c:417:13:raw_tcp_flush_cb	16	static
../Core/Src/raw_tcp_server.c:424:13:RawTcp_ScheduleFlush	16	static
../Core/Src/raw_tcp_server.c:440:14:tcp_server_sent	24	static
../Core/Src/raw_tcp_server.c:455:13:tcp_server_error	16	static
../Core/Src/raw_tcp_server.c:484:14:tcp_server_recv	64	static
../Core/Src/raw_tcp_server.c:594:14:tcp_server_accept	40	static
../Core/Src/raw_tcp_server.c:648:5:RawTcpServer_HasClient	4	static
../Core/Src/raw_tcp_server.c:653:5:RawTcpServer_Send	16	static
../Core/Src/raw_tcp_server.c:662:5:RawTcpServer_SendAsync	16	static
../Core/Src/raw_tcp_server.c:673:6:RawTcpServer_Init	16	static
