../Core/Src/raw_tcp_server.c:323:17:RawTcp_TxUsed	24	static
../Core/Src/raw_tcp_server.c:330:17:RawTcp_TxFree	16	static
../Core/Src/raw_tcp_server.c:335:13:RawTcp_TxReset	24	static
../Core/Src/raw_tcp_server.c:343:12:RawTcp_TxPush	32	static
../Core/Src/raw_tcp_server.c:373:17:RawTcp_TxContiguousLen	24	static
../Core/Src/raw_tcp_server.c:381:13:RawTcp_TxConsume	24	static
../Core/Src/raw_tcp_server.c:387:13:RawTcp_TryFlush	32	static
../Core/Src/raw_tcp_server.c:434:13:raw_tcp_flush_cb	24	static
../Core/Src/raw_tcp_server.c:442:13:RawTcp_ScheduleFlush	24	static
../Core/Src/raw_tcp_server.c:461:13:RawTcp_HandleClientGone	16	static
../Core/Src/raw_tcp_server.c:472:14:tcp_server_sent	40	static
../Core/Src/raw_tcp_server.c:486:13:tcp_server_error	32	static
../Core/Src/raw_tcp_server.c:501:14:tcp_server_recv	40	static
../Core/Src/raw_tcp_server.c:560:14:tcp_server_accept	56	static
../Core/Src/raw_tcp_server.c:801:5:RawTcpServer_HasClient	16	static
../Core/Src/raw_tcp_server.c:812:5:RawTcpServer_Send	24	static
../Core/Src/raw_tcp_server.c:829:5:RawTcpServer_SendAsync	24	static
../Core/Src/raw_tcp_server.c:850:6:RawTcpServer_CheckIdleTimeout	16	static
../Core/Src/raw_tcp_server.c:874:6:RawTcpServer_Init	16	static
