../Core/Src/raw_tcp_server.c:48:17:RawTcp_TxUsed	4	static
../Core/Src/raw_tcp_server.c:58:17:RawTcp_TxFree	8	static
../Core/Src/raw_tcp_server.c:63:13:RawTcp_TxReset	4	static
../Core/Src/raw_tcp_server.c:70:12:RawTcp_TxPush	24	static
../Core/Src/raw_tcp_server.c:105:17:RawTcp_TxContiguousLen	4	static
../Core/Src/raw_tcp_server.c:120:13:RawTcp_TxConsume	16	static
../Core/Src/raw_tcp_server.c:125:13:RawTcp_TryFlush	40	static
../Core/Src/raw_tcp_server.c:205:13:raw_tcp_flush_cb	16	static
../Core/Src/raw_tcp_server.c:213:13:RawTcp_ScheduleFlush	16	static
../Core/Src/raw_tcp_server.c:238:14:tcp_server_sent	24	static
../Core/Src/raw_tcp_server.c:249:13:tcp_server_error	16	static
../Core/Src/raw_tcp_server.c:259:14:tcp_server_recv	40	static
../Core/Src/raw_tcp_server.c:330:14:tcp_server_accept	40	static
../Core/Src/raw_tcp_server.c:379:5:RawTcpServer_HasClient	4	static
../Core/Src/raw_tcp_server.c:389:5:RawTcpServer_Send	16	static
../Core/Src/raw_tcp_server.c:415:5:RawTcpServer_SendAsync	16	static
../Core/Src/raw_tcp_server.c:439:6:RawTcpServer_Init	16	static
