../Core/Src/stm32h7xx_it.c:59:6:FDCAN1_IT0_IRQHandler	8	static
../Core/Src/stm32h7xx_it.c:77:6:NMI_Handler	4	static
../Core/Src/stm32h7xx_it.c:92:6:HardFault_Handler	16	static,ignoring_inline_asm
../Core/Src/stm32h7xx_it.c:130:6:MemManage_Handler	4	static
../Core/Src/stm32h7xx_it.c:145:6:BusFault_Handler	4	static
../Core/Src/stm32h7xx_it.c:160:6:UsageFault_Handler	4	static
../Core/Src/stm32h7xx_it.c:175:6:DebugMon_Handler	4	static
../Core/Src/stm32h7xx_it.c:188:6:SysTick_Handler	8	static
../Core/Src/stm32h7xx_it.c:217:6:ETH_IRQHandler	8	static
